test.ABC getters 16
	test.ABC.a1	1
	test.ABC.a2	1
	test.ABC.a3	1
	test.ABC.a4	1
	test.ABC.b1	1
	test.ABC.b2	1
	test.ABC.b3	1
	test.ABC.b4	1
	test.ABC.c1	1
	test.ABC.c2	1
	test.ABC.c3	1
	test.ABC.c4	1
	test.ABC.d1	1
	test.ABC.d2	1
	test.ABC.d3	1
	test.ABC.d4	1
